../Core/Src/main.c:89:6:MPU6050_Init	32	static
../Core/Src/main.c:115:6:MPU6050_Read_Accel	48	static
../Core/Src/main.c:132:6:MPU6050_Read_Gyro	32	static
../Core/Src/main.c:154:5:main	40	static
../Core/Src/main.c:266:6:SystemClock_Config	72	static
../Core/Src/main.c:303:13:MX_I2C1_Init	8	static
../Core/Src/main.c:337:13:MX_TIM2_Init	32	static
../Core/Src/main.c:382:13:MX_USART1_UART_Init	8	static
../Core/Src/main.c:415:13:MX_USART3_UART_Init	8	static
../Core/Src/main.c:448:13:MX_GPIO_Init	40	static
../Core/Src/main.c:492:6:Error_Handler	4	static,ignoring_inline_asm
